tmc2208.c:20:6:delayInit	4	static
tmc2208.c:24:6:delayMs	16	static
tmc2208.c:33:6:delayUs	16	static
tmc2208.c:41:6:motorDisableTMC	8	static
tmc2208.c:44:6:motorEnableTMC	8	static
tmc2208.c:47:6:motorSetDir	16	static
tmc2208.c:53:6:motorSetDiv	16	static
tmc2208.c:79:6:motorSetFreq	16	static
tmc2208.c:91:6:motorSetState	16	static
tmc2208.c:107:16:motorGetStatus	4	static
tmc2208.c:111:10:motorGetFrequency	4	static
tmc2208.c:114:9:motorGetStepDevider	4	static
tmc2208.c:118:6:motorRotateByStep	24	static
tmc2208.c:140:6:motorRun	40	static
